[NbConvertApp] Converting notebook /home/ubuntu/gpt1_test_artifacts/gpt1_instrumented.ipynb to notebook
[IPKernelApp] WARNING | debugpy_stream undefined, debugging will not be enabled
2026-07-14 06:15:04.743472: I tensorflow/core/util/port.cc:113] oneDNN custom operations are on. You may see slightly different numerical results due to floating-point round-off errors from different computation orders. To turn them off, set the environment variable `TF_ENABLE_ONEDNN_OPTS=0`.
2026-07-14 06:15:04.766787: I tensorflow/core/platform/cpu_feature_guard.cc:182] This TensorFlow binary is optimized to use available CPU instructions in performance-critical operations.
To enable the following instructions: AVX2 AVX512F AVX512_VNNI AVX512_BF16 AVX_VNNI FMA, in other operations, rebuild TensorFlow with the appropriate compiler flags.
sentencepiece_trainer.cc(78) LOG(INFO) Starts training with : 
trainer_spec {
  input: artifacts/gpt1/pretrain_corpus.txt
  input_format: 
  model_prefix: artifacts/gpt1/gpt1_bpe
  model_type: BPE
  vocab_size: 256
  self_test_sample_size: 0
  character_coverage: 1
  input_sentence_size: 0
  shuffle_input_sentence: 1
  seed_sentencepiece_size: 1000000
  shrinking_factor: 0.75
  max_sentence_length: 4192
  num_threads: 16
  num_sub_iterations: 2
  max_sentencepiece_length: 16
  split_by_unicode_script: 1
  split_by_number: 1
  split_by_whitespace: 1
  split_digits: 0
  pretokenization_delimiter: 
  treat_whitespace_as_suffix: 0
  allow_whitespace_only_pieces: 0
  user_defined_symbols: <start>
  user_defined_symbols: <delimiter>
  user_defined_symbols: <extract>
  required_chars: 
  byte_fallback: 0
  vocabulary_output_piece_score: 1
  train_extremely_large_corpus: 0
  seed_sentencepieces_file: 
  hard_vocab_limit: 0
  use_all_vocab: 0
  unk_id: 1
  bos_id: 2
  eos_id: 3
  pad_id: 0
  unk_piece: <unk>
  bos_piece: <s>
  eos_piece: </s>
  pad_piece: <pad>
  unk_surface:  ⁇ 
  enable_differential_privacy: 0
  differential_privacy_noise_level: 0
  differential_privacy_clipping_threshold: 0
}
normalizer_spec {
  name: nmt_nfkc
  add_dummy_prefix: 1
  remove_extra_whitespaces: 1
  escape_whitespaces: 1
  normalization_rule_tsv: 
}
denormalizer_spec {}
trainer_interface.cc(353) LOG(INFO) SentenceIterator is not specified. Using MultiFileSentenceIterator.
trainer_interface.cc(185) LOG(INFO) Loading corpus: artifacts/gpt1/pretrain_corpus.txt
trainer_interface.cc(409) LOG(INFO) Loaded all 28 sentences
trainer_interface.cc(425) LOG(INFO) Adding meta_piece: <pad>
trainer_interface.cc(425) LOG(INFO) Adding meta_piece: <unk>
trainer_interface.cc(425) LOG(INFO) Adding meta_piece: <s>
trainer_interface.cc(425) LOG(INFO) Adding meta_piece: </s>
trainer_interface.cc(425) LOG(INFO) Adding meta_piece: <start>
trainer_interface.cc(425) LOG(INFO) Adding meta_piece: <delimiter>
trainer_interface.cc(425) LOG(INFO) Adding meta_piece: <extract>
trainer_interface.cc(430) LOG(INFO) Normalizing sentences...
trainer_interface.cc(539) LOG(INFO) all chars count=948
trainer_interface.cc(560) LOG(INFO) Alphabet size=230
trainer_interface.cc(561) LOG(INFO) Final character coverage=1
trainer_interface.cc(592) LOG(INFO) Done! preprocessed 28 sentences.
trainer_interface.cc(598) LOG(INFO) Tokenizing input sentences with whitespace: 28
trainer_interface.cc(609) LOG(INFO) Done! 202
bpe_model_trainer.cc(159) LOG(INFO) Updating active symbols. max_freq=12 min_freq=1
trainer_interface.cc(687) LOG(INFO) Saving model: artifacts/gpt1/gpt1_bpe.model
trainer_interface.cc(699) LOG(INFO) Saving vocabs: artifacts/gpt1/gpt1_bpe.vocab
[NbConvertApp] Writing 60347 bytes to /home/ubuntu/gpt1_test_artifacts/gpt1_executed_exact_probe_retest.ipynb
